> devtools::check(cran = TRUE)
══ Documenting ═════════════════════════════════════════════════════════════════
ℹ Updating neurosurf documentation
ℹ Loading neurosurf
Creating a new generic function for ‘smooth’ in package ‘neurosurf’
✖ all_generic.R:229: Block must have a @name.
ℹ Either document an existing object or manually specify with @name
✖ In topic 'Arith-methods.Rd': Skipping; no name and/or title.
✖ In topic 'Compare-methods.Rd': Skipping; no name and/or title.
✖ In topic 'map_values-methods.Rd': Skipping; no name and/or title.

══ Building ════════════════════════════════════════════════════════════════════
Setting env vars:
• CFLAGS    : -Wall -pedantic
• CXXFLAGS  : -Wall -pedantic
• CXX11FLAGS: -Wall -pedantic
• CXX14FLAGS: -Wall -pedantic
• CXX17FLAGS: -Wall -pedantic
• CXX20FLAGS: -Wall -pedantic
── R CMD build ─────────────────────────────────────────────────────────────────
* checking for file ‘/Users/bbuchsbaum/code/neurosurf/DESCRIPTION’ ... OK
* preparing ‘neurosurf’:
* checking DESCRIPTION meta-information ... OK
Warning: find_roi_boundaries.Rd:76: unknown macro '\times'
* installing the package to build vignettes
* creating vignettes ... ERROR
--- re-building ‘interactive-surfaces.Rmd’ using rmarkdown
--- finished re-building ‘interactive-surfaces.Rmd’

--- re-building ‘introduction-to-neurosurf.Rmd’ using rmarkdown

Quitting from introduction-to-neurosurf.Rmd:123-153 [load-surf-with-data]
~~~~~~~~~~~~~~~~~~~~~~~~~~~~~~~~~~~~~~~~~~~~~~~~~~~~~~~~~~~~~~~~~~~~~~~~~~~~~~~~
<error/rlang_error>
Error in `read_meta_info()`:
! object 'NIMLSurfaceDataMetaInfoFromAFNI' not found
---
Backtrace:
    ▆
 1. └─neurosurf::read_surf(surface_name = white_lh_asc, surface_data_name = temp_dset_file)
 2.   └─neurosurf::NeuroSurfaceSource(...)
 3.     └─neurosurf:::.readHeader(surface_data_name)
 4.       ├─neuroim2::read_meta_info(desc, file_name)
 5.       └─neurosurf::read_meta_info(desc, file_name)
 6.         └─neurosurf:::.read_meta_info(...)
~~~~~~~~~~~~~~~~~~~~~~~~~~~~~~~~~~~~~~~~~~~~~~~~~~~~~~~~~~~~~~~~~~~~~~~~~~~~~~~~

Error: processing vignette 'introduction-to-neurosurf.Rmd' failed with diagnostics:
object 'NIMLSurfaceDataMetaInfoFromAFNI' not found
--- failed re-building ‘introduction-to-neurosurf.Rmd’

SUMMARY: processing the following file failed:
  ‘introduction-to-neurosurf.Rmd’

Error: Vignette re-building failed.
In addition: Warning message:
In tools::buildVignettes(dir = ".", tangle = TRUE) :
  Files named as vignettes but with no recognized vignette engine:
   ‘vignettes/displaying-surfaces.Rmd’
(Is a VignetteBuilder field missing?)
Execution halted
Error in `(function (command = NULL, args = character(), error_on_status = TRUE, …`:
! System command 'R' failed
---
Exit status: 1
stdout & stderr: <printed>
---
Backtrace:
 1. devtools::check(cran = TRUE)
 2. withr::with_envvar(pkgbuild::compiler_flags(FALSE), action = "prefix", …
 3. base::force(code)
 4. pkgbuild::build(pkg$path, tempdir(), args = build_args, quiet = quiet, …
 5. pkgbuild:::withr_with_makevars(compiler_flags(debug = FALSE), { …
 6. pkgbuild:::withr_with_envvar(c(R_MAKEVARS_USER = makevars_file), { …
 7. base::force(code)
 8. base::force(code)
 9. pkgbuild:::withr_with_temp_libpaths(rcmd_build_tools(options$cmd, c(options$path, …
10. base::force(code)
11. pkgbuild::rcmd_build_tools(options$cmd, c(options$path, options$args), …
12. pkgbuild::with_build_tools({ …
13. base::withCallingHandlers(callr::rcmd_safe(..., env = env, spinner = FALSE, …
14. callr::rcmd_safe(..., env = env, spinner = FALSE, show = FALSE, …
15. callr:::run_r(options)
16. base::with(options, with_envvar(env, do.call(processx::run, c(list(bin, …
17. base::with.default(options, with_envvar(env, do.call(processx::run, …
18. base::eval(substitute(expr), data, enclos = parent.frame())
19. base::eval(substitute(expr), data, enclos = parent.frame())
20. callr:::with_envvar(env, do.call(processx::run, c(list(bin, args = real_cmdargs, …
21. base::force(code)
22. base::do.call(processx::run, c(list(bin, args = real_cmdargs, stdout_line_callba…
23. (function (command = NULL, args = character(), error_on_status = TRUE, …
24. base::throw(new_process_error(res, call = sys.call(), echo = echo, …
25. | base::signalCondition(cond)
26. (function (e) …
27. asNamespace("callr")$err$throw(e)
Execution halted
